<html>
<body>
<pre>
<h1>µVision Build Log</h1>
<h2>Tool Versions:</h2>
IDE-Version: µVision V5.29.0.0
Copyright (C) 2019 ARM Ltd and ARM Germany GmbH. All rights reserved.
License Information: alaa abdah, -, LIC=----
 
Tool Versions:
Toolchain:       MDK-Lite  Version: 5.29.0.0
Toolchain Path:  C:\Keil_v5\ARM\ARMCC\Bin
C Compiler:      Armcc.exe V5.06 update 6 (build 750)
Assembler:       Armasm.exe V5.06 update 6 (build 750)
Linker/Locator:  ArmLink.exe V5.06 update 6 (build 750)
Library Manager: ArmAr.exe V5.06 update 6 (build 750)
Hex Converter:   FromElf.exe V5.06 update 6 (build 750)
CPU DLL:         SARMCM3.DLL V5.29.0.0
Dialog DLL:      DARMSTM.DLL V1.68.0.0
Target DLL:      STLink\ST-LINKIII-KEIL_SWO.dll V3.0.7.0
Dialog DLL:      TCM.DLL V1.36.5.0
 
<h2>Project:</h2>
F:\Career\ITI\ITI wireless track 2019 Ismailia\agriculture smart system\ESPBUG\ESPBUG.uvprojx
Project File Date:  06/23/2020

<h2>Output:</h2>
*** Using Compiler 'V5.06 update 6 (build 750)', folder: 'C:\Keil_v5\ARM\ARMCC\Bin'
Rebuild target 'Target 1'
compiling ADC.c...
compiling main.c...
compiling APP.c...
SRC\APP\../ESP8266/ESP8266.h(84): warning:  #1295-D: Deprecated declaration wifiMainFunctuion - give arg types
  void wifiMainFunctuion ();
SRC\APP\../ESP8266/ESP8266.h(94): warning:  #1295-D: Deprecated declaration ESP8266_Init - give arg types
  uint8_t ESP8266_Init();
SRC\APP\../ESP8266/ESP8266.h(108): warning:  #1295-D: Deprecated declaration ESP8266_u8CheckStatues - give arg types
  enum  ESP_STATUS ESP8266_u8CheckStatues ();
SRC\APP\../ESP8266/ESP8266.h(125): warning:  #1295-D: Deprecated declaration ESP_vidJoinNetwork - give arg types
  uint8_t ESP_vidJoinNetwork ();
SRC\APP\../ESP8266/ESP8266.h(132): warning:  #1295-D: Deprecated declaration ESP_vidCheckForIP - give arg types
  uint8_t ESP_vidCheckForIP();
SRC\APP\../ESP8266/ESP8266.h(154): warning:  #1295-D: Deprecated declaration ESP8266_u8CreateServer - give arg types
  uint8_t ESP8266_u8CreateServer( );
SRC\APP\../ESP8266/ESP8266.h(161): warning:  #1295-D: Deprecated declaration ESP8266_u8CheckForConnectionRequest - give arg types
  uint8_t ESP8266_u8CheckForConnectionRequest();
SRC\APP\../ESP8266/ESP8266.h(170): warning:  #1295-D: Deprecated declaration ESP8266_u8ConnectToHost - give arg types
  uint8_t ESP8266_u8ConnectToHost();
SRC\APP\../ESP8266/ESP8266.h(181): warning:  #1295-D: Deprecated declaration ESP8266_u8SendGETDataToOpendConnection - give arg types
  uint8_t ESP8266_u8SendGETDataToOpendConnection();
SRC\APP\../ESP8266/ESP8266.h(189): warning:  #1295-D: Deprecated declaration ESP8266_vidCloseConnection - give arg types
  uint8_t ESP8266_vidCloseConnection();
SRC\APP\../ESP8266/ESP8266.h(198): warning:  #1295-D: Deprecated declaration ESP8266_Example - give arg types
  uint8_t ESP8266_Example();
SRC\APP\APP.c(215): warning:  #223-D: function "setSensorData" declared implicitly
  		setSensorData(moi ,temp,dtemp,dhumid);
SRC\APP\APP.c: 12 warnings, 0 errors
compiling DHT11.c...
compiling GPIO.c...
compiling MOISTURE.c...
compiling SOIL_TEMP.c...
compiling SCHEDULER.c...
SRC\SCHEDULER\../ESP8266/ESP8266.h(84): warning:  #1295-D: Deprecated declaration wifiMainFunctuion - give arg types
  void wifiMainFunctuion ();
SRC\SCHEDULER\../ESP8266/ESP8266.h(94): warning:  #1295-D: Deprecated declaration ESP8266_Init - give arg types
  uint8_t ESP8266_Init();
SRC\SCHEDULER\../ESP8266/ESP8266.h(108): warning:  #1295-D: Deprecated declaration ESP8266_u8CheckStatues - give arg types
  enum  ESP_STATUS ESP8266_u8CheckStatues ();
SRC\SCHEDULER\../ESP8266/ESP8266.h(125): warning:  #1295-D: Deprecated declaration ESP_vidJoinNetwork - give arg types
  uint8_t ESP_vidJoinNetwork ();
SRC\SCHEDULER\../ESP8266/ESP8266.h(132): warning:  #1295-D: Deprecated declaration ESP_vidCheckForIP - give arg types
  uint8_t ESP_vidCheckForIP();
SRC\SCHEDULER\../ESP8266/ESP8266.h(154): warning:  #1295-D: Deprecated declaration ESP8266_u8CreateServer - give arg types
  uint8_t ESP8266_u8CreateServer( );
SRC\SCHEDULER\../ESP8266/ESP8266.h(161): warning:  #1295-D: Deprecated declaration ESP8266_u8CheckForConnectionRequest - give arg types
  uint8_t ESP8266_u8CheckForConnectionRequest();
SRC\SCHEDULER\../ESP8266/ESP8266.h(170): warning:  #1295-D: Deprecated declaration ESP8266_u8ConnectToHost - give arg types
  uint8_t ESP8266_u8ConnectToHost();
SRC\SCHEDULER\../ESP8266/ESP8266.h(181): warning:  #1295-D: Deprecated declaration ESP8266_u8SendGETDataToOpendConnection - give arg types
  uint8_t ESP8266_u8SendGETDataToOpendConnection();
SRC\SCHEDULER\../ESP8266/ESP8266.h(189): warning:  #1295-D: Deprecated declaration ESP8266_vidCloseConnection - give arg types
  uint8_t ESP8266_vidCloseConnection();
SRC\SCHEDULER\../ESP8266/ESP8266.h(198): warning:  #1295-D: Deprecated declaration ESP8266_Example - give arg types
  uint8_t ESP8266_Example();
SRC\SCHEDULER\SCHEDULER.c: 11 warnings, 0 errors
compiling TIMER.c...
compiling UART.c...
assembling startup_stm32f10x_md.s...
compiling ESP8266.c...
SRC\ESP8266\ESP8266.h(84): warning:  #1295-D: Deprecated declaration wifiMainFunctuion - give arg types
  void wifiMainFunctuion ();
SRC\ESP8266\ESP8266.h(94): warning:  #1295-D: Deprecated declaration ESP8266_Init - give arg types
  uint8_t ESP8266_Init();
SRC\ESP8266\ESP8266.h(108): warning:  #1295-D: Deprecated declaration ESP8266_u8CheckStatues - give arg types
  enum  ESP_STATUS ESP8266_u8CheckStatues ();
SRC\ESP8266\ESP8266.h(125): warning:  #1295-D: Deprecated declaration ESP_vidJoinNetwork - give arg types
  uint8_t ESP_vidJoinNetwork ();
SRC\ESP8266\ESP8266.h(132): warning:  #1295-D: Deprecated declaration ESP_vidCheckForIP - give arg types
  uint8_t ESP_vidCheckForIP();
SRC\ESP8266\ESP8266.h(154): warning:  #1295-D: Deprecated declaration ESP8266_u8CreateServer - give arg types
  uint8_t ESP8266_u8CreateServer( );
SRC\ESP8266\ESP8266.h(161): warning:  #1295-D: Deprecated declaration ESP8266_u8CheckForConnectionRequest - give arg types
  uint8_t ESP8266_u8CheckForConnectionRequest();
SRC\ESP8266\ESP8266.h(170): warning:  #1295-D: Deprecated declaration ESP8266_u8ConnectToHost - give arg types
  uint8_t ESP8266_u8ConnectToHost();
SRC\ESP8266\ESP8266.h(181): warning:  #1295-D: Deprecated declaration ESP8266_u8SendGETDataToOpendConnection - give arg types
  uint8_t ESP8266_u8SendGETDataToOpendConnection();
SRC\ESP8266\ESP8266.h(189): warning:  #1295-D: Deprecated declaration ESP8266_vidCloseConnection - give arg types
  uint8_t ESP8266_vidCloseConnection();
SRC\ESP8266\ESP8266.h(198): warning:  #1295-D: Deprecated declaration ESP8266_Example - give arg types
  uint8_t ESP8266_Example();
SRC\ESP8266\ESP8266.c(95): warning:  #111-D: statement is unreachable
  		break;
SRC\ESP8266\ESP8266.c(99): warning:  #188-D: enumerated type mixed with another type
  			return NotConnected;
SRC\ESP8266\ESP8266.c(100): warning:  #111-D: statement is unreachable
  		break;
SRC\ESP8266\ESP8266.c(104): warning:  #188-D: enumerated type mixed with another type
  	return Wait;
SRC\ESP8266\ESP8266.c(63): warning:  #177-D: variable "ATcommand"  was declared but never referenced
  	uint8_t ATcommand[20] ={0};
SRC\ESP8266\ESP8266.c(144): warning:  #111-D: statement is unreachable
  			break;
SRC\ESP8266\ESP8266.c(150): warning:  #111-D: statement is unreachable
  			break;
SRC\ESP8266\ESP8266.c(344): warning:  #111-D: statement is unreachable
  			break;
SRC\ESP8266\ESP8266.c(404): warning:  #167-D: argument of type "char *" is incompatible with parameter of type "uint8_t *"
  	copyString(ATCommand,param.ConnectionType);
SRC\ESP8266\ESP8266.c(406): warning:  #167-D: argument of type "char *" is incompatible with parameter of type "uint8_t *"
  	copyString(ATCommand,param.host);
SRC\ESP8266\ESP8266.c(420): warning:  #111-D: statement is unreachable
  		break;
SRC\ESP8266\ESP8266.c(424): warning:  #111-D: statement is unreachable
  		break;
SRC\ESP8266\ESP8266.c(487): warning:  #111-D: statement is unreachable
  		break;
SRC\ESP8266\ESP8266.c(495): warning:  #167-D: argument of type "char *" is incompatible with parameter of type "uint8_t *"
  		copyString(command,"AT+CWMODE=");
SRC\ESP8266\ESP8266.c(496): warning:  #167-D: argument of type "char *" is incompatible with parameter of type "uint8_t *"
  		copyString(command,intToString(param.mode));
SRC\ESP8266\ESP8266.c(497): warning:  #167-D: argument of type "char *" is incompatible with parameter of type "uint8_t *"
  		copyString(command,"\r\n");
SRC\ESP8266\ESP8266.c(498): warning:  #167-D: argument of type "char *" is incompatible with parameter of type "uint8_t *"
  		ESP8266_vidSendCommand(command);
SRC\ESP8266\ESP8266.c(509): warning:  #111-D: statement is unreachable
  		break;
SRC\ESP8266\ESP8266.c(513): warning:  #111-D: statement is unreachable
  		break;
SRC\ESP8266\ESP8266.c(529): warning:  #167-D: argument of type "char *" is incompatible with parameter of type "uint8_t *"
  		copyString( ATCommand, "AT+RST\r\n");
SRC\ESP8266\ESP8266.c(530): warning:  #167-D: argument of type "char *" is incompatible with parameter of type "uint8_t *"
  		ESP8266_vidSendCommand(ATCommand);
SRC\ESP8266\ESP8266.c(575): warning:  #260-D: explicit type is missing ("int" assumed)
  	static ret =0;
SRC\ESP8266\ESP8266.c: 33 warnings, 0 errors
linking...
Program Size: Code=6892 RO-data=268 RW-data=616 ZI-data=2056  
".\Objects\ESPBUG.axf" - 0 Error(s), 56 Warning(s).

<h2>Software Packages used:</h2>

Package Vendor: Keil
                http://www.keil.com/pack/Keil.STM32F1xx_DFP.2.3.0.pack
                Keil.STM32F1xx_DFP.2.3.0
                STMicroelectronics STM32F1 Series Device Support, Drivers and Examples

<h2>Collection of Component include folders:</h2>
  .\RTE\_Target_1
  C:\Users\Alaa Abdah\AppData\Local\Arm\Packs\Keil\STM32F1xx_DFP\2.3.0\Device\Include

<h2>Collection of Component Files used:</h2>
Build Time Elapsed:  00:00:02
</pre>
</body>
</html>
